#-----------------------------------------------------------
# Vivado v2022.2 (64-bit)
# SW Build 3671981 on Fri Oct 14 04:59:54 MDT 2022
# IP Build 3669848 on Fri Oct 14 08:30:02 MDT 2022
# Start of session at: Tue May  9 23:19:32 2023
# Process ID: 23358
# Current directory: /home/yinchian/Univ_Proj_Local/university_project/the_legend_of_our_main/the_legend_of_our_main.runs/impl_1
# Command line: vivado -log top_module_wrapper.vdi -applog -product Vivado -messageDb vivado.pb -mode batch -source top_module_wrapper.tcl -notrace
# Log file: /home/yinchian/Univ_Proj_Local/university_project/the_legend_of_our_main/the_legend_of_our_main.runs/impl_1/top_module_wrapper.vdi
# Journal file: /home/yinchian/Univ_Proj_Local/university_project/the_legend_of_our_main/the_legend_of_our_main.runs/impl_1/vivado.jou
# Running On: yinchian-ASUS-TUF-Gaming-A15-FA506II-FA506II, OS: Linux, CPU Frequency: 1467.159 MHz, CPU Physical cores: 16, Host memory: 16162 MB
#-----------------------------------------------------------
source top_module_wrapper.tcl -notrace
